// Jest Snapshot v1, https://goo.gl/fbAQLP

exports[`Rendering renders correctly 1`] = `
<View
  style={
    Object {
      "alignItems": "center",
      "backgroundColor": "#fff",
      "flex": 1,
      "justifyContent": "center",
      "paddingBottom": "3%",
    }
  }
>
  <View
    style={
      Object {
        "alignItems": "center",
        "backgroundColor": "#fff",
        "flex": 1,
        "flexDirection": "row",
        "padding": "3%",
      }
    }
  />
  <View
    accessibilityComponentType="button"
    accessibilityTraits={
      Array [
        "button",
      ]
    }
    accessible={true}
    isTVSelectable={true}
    onResponderGrant={[Function]}
    onResponderMove={[Function]}
    onResponderRelease={[Function]}
    onResponderTerminate={[Function]}
    onResponderTerminationRequest={[Function]}
    onStartShouldSetResponder={[Function]}
    style={
      Object {
        "opacity": 1,
      }
    }
  >
    <View
      style={
        Array [
          Object {},
        ]
      }
    >
      <Text
        accessible={true}
        allowFontScaling={true}
        ellipsizeMode="tail"
        style={
          Array [
            Object {
              "color": "#007AFF",
              "fontSize": 18,
              "padding": 8,
              "textAlign": "center",
            },
          ]
        }
      >
        Create New Contact
      </Text>
    </View>
  </View>
</View>
`;

exports[`Rendering renders shallow correctly 1`] = `
<Component
  style={
    Object {
      "alignItems": "center",
      "backgroundColor": "#fff",
      "flex": 1,
      "justifyContent": "center",
      "paddingBottom": "3%",
    }
  }
>
  <ContactList
    contacts={Array []}
  />
  <Button
    onPress={[Function]}
    title="Create New Contact"
  />
  <PopupDialog
    dialogTitle={
      <DialogTitle
        hasTitleBar={true}
        title="New Contact"
        titleAlign="center"
      />
    }
    height={400}
  >
    <CreateContact
      callback={[Function]}
      popupDialog={null}
    />
  </PopupDialog>
</Component>
`;
